Archive member included to satisfy reference by file (symbol)

c:/program files/microchip/xc8/v2.32/avr/bin/../lib/gcc/avr/5.4.0/../../../../avr/lib/avr5/memx-const\libm.a(addsf3.o)
                              build/default/production/mUART.o (__subsf3)
c:/program files/microchip/xc8/v2.32/avr/bin/../lib/gcc/avr/5.4.0/../../../../avr/lib/avr5/memx-const\libm.a(addsf3x.o)
                              c:/program files/microchip/xc8/v2.32/avr/bin/../lib/gcc/avr/5.4.0/../../../../avr/lib/avr5/memx-const\libm.a(addsf3.o) (__addsf3x)
c:/program files/microchip/xc8/v2.32/avr/bin/../lib/gcc/avr/5.4.0/../../../../avr/lib/avr5/memx-const\libm.a(divsf3.o)
                              build/default/production/mUART.o (__divsf3)
c:/program files/microchip/xc8/v2.32/avr/bin/../lib/gcc/avr/5.4.0/../../../../avr/lib/avr5/memx-const\libm.a(divsf3x.o)
                              c:/program files/microchip/xc8/v2.32/avr/bin/../lib/gcc/avr/5.4.0/../../../../avr/lib/avr5/memx-const\libm.a(divsf3.o) (__divsf3x)
c:/program files/microchip/xc8/v2.32/avr/bin/../lib/gcc/avr/5.4.0/../../../../avr/lib/avr5/memx-const\libm.a(fixunssfsi.o)
                              build/default/production/mUART.o (__fixunssfsi)
c:/program files/microchip/xc8/v2.32/avr/bin/../lib/gcc/avr/5.4.0/../../../../avr/lib/avr5/memx-const\libm.a(floatsisf.o)
                              build/default/production/mUART.o (__floatsisf)
c:/program files/microchip/xc8/v2.32/avr/bin/../lib/gcc/avr/5.4.0/../../../../avr/lib/avr5/memx-const\libm.a(fp_inf.o)
                              c:/program files/microchip/xc8/v2.32/avr/bin/../lib/gcc/avr/5.4.0/../../../../avr/lib/avr5/memx-const\libm.a(addsf3x.o) (__fp_inf)
c:/program files/microchip/xc8/v2.32/avr/bin/../lib/gcc/avr/5.4.0/../../../../avr/lib/avr5/memx-const\libm.a(fp_nan.o)
                              c:/program files/microchip/xc8/v2.32/avr/bin/../lib/gcc/avr/5.4.0/../../../../avr/lib/avr5/memx-const\libm.a(addsf3x.o) (__fp_nan)
c:/program files/microchip/xc8/v2.32/avr/bin/../lib/gcc/avr/5.4.0/../../../../avr/lib/avr5/memx-const\libm.a(fp_pscA.o)
                              c:/program files/microchip/xc8/v2.32/avr/bin/../lib/gcc/avr/5.4.0/../../../../avr/lib/avr5/memx-const\libm.a(addsf3x.o) (__fp_pscA)
c:/program files/microchip/xc8/v2.32/avr/bin/../lib/gcc/avr/5.4.0/../../../../avr/lib/avr5/memx-const\libm.a(fp_pscB.o)
                              c:/program files/microchip/xc8/v2.32/avr/bin/../lib/gcc/avr/5.4.0/../../../../avr/lib/avr5/memx-const\libm.a(addsf3x.o) (__fp_pscB)
c:/program files/microchip/xc8/v2.32/avr/bin/../lib/gcc/avr/5.4.0/../../../../avr/lib/avr5/memx-const\libm.a(fp_round.o)
                              c:/program files/microchip/xc8/v2.32/avr/bin/../lib/gcc/avr/5.4.0/../../../../avr/lib/avr5/memx-const\libm.a(addsf3.o) (__fp_round)
c:/program files/microchip/xc8/v2.32/avr/bin/../lib/gcc/avr/5.4.0/../../../../avr/lib/avr5/memx-const\libm.a(fp_split3.o)
                              c:/program files/microchip/xc8/v2.32/avr/bin/../lib/gcc/avr/5.4.0/../../../../avr/lib/avr5/memx-const\libm.a(addsf3x.o) (__fp_split3)
c:/program files/microchip/xc8/v2.32/avr/bin/../lib/gcc/avr/5.4.0/../../../../avr/lib/avr5/memx-const\libm.a(fp_zero.o)
                              c:/program files/microchip/xc8/v2.32/avr/bin/../lib/gcc/avr/5.4.0/../../../../avr/lib/avr5/memx-const\libm.a(addsf3x.o) (__fp_zero)
c:/program files/microchip/xc8/v2.32/avr/bin/../lib/gcc/avr/5.4.0/avr5/memx-const\libgcc.a(_udivmodhi4.o)
                              build/default/production/freertos/heap_4.o (__udivmodhi4)
c:/program files/microchip/xc8/v2.32/avr/bin/../lib/gcc/avr/5.4.0/avr5/memx-const\libgcc.a(_exit.o)
                              C:/Program Files/Microchip/MPLABX/v5.50/packs/Microchip/ATmega_DFP/2.3.126/xc8/avr/lib/avr5/memx-const/crtatmega32a.o (exit)
c:/program files/microchip/xc8/v2.32/avr/bin/../lib/gcc/avr/5.4.0/avr5/memx-const\libgcc.a(_copy_data.o)
                              build/default/production/freertos/heap_4.o (__do_clear_bss)
c:/program files/microchip/xc8/v2.32/avr/bin/../lib/gcc/avr/5.4.0/avr5/memx-const\libgcc.a(_xload_2.o)
                              build/default/production/freertos/event_groups.o (__xload_2)
c:/program files/microchip/xc8/v2.32/avr/bin/../lib/gcc/avr/5.4.0/avr5/memx-const\libgcc.a(_movmemx.o)
                              build/default/production/main.o (__movmemx_qi)
c:/program files/microchip/xc8/v2.32/avr/bin/../lib/gcc/avr/5.4.0/../../../../avr/lib/avr5/memx-const\libc.a(memcpy_M.o)
                              build/default/production/freertos/queue.o (memcpy)
c:/program files/microchip/xc8/v2.32/avr/bin/../lib/gcc/avr/5.4.0/../../../../avr/lib/avr5/memx-const\libc.a(memset.o)
                              build/default/production/freertos/heap_4.o (memset)

Allocating common symbols
Common symbol       size              file

xQueueRegistry      0x5               build/default/production/freertos/queue.o

Discarded input sections

 .data          0x0000000000000000        0x0 C:/Program Files/Microchip/MPLABX/v5.50/packs/Microchip/ATmega_DFP/2.3.126/xc8/avr/lib/avr5/memx-const/crtatmega32a.o
 .bss           0x0000000000000000        0x0 C:/Program Files/Microchip/MPLABX/v5.50/packs/Microchip/ATmega_DFP/2.3.126/xc8/avr/lib/avr5/memx-const/crtatmega32a.o
 .text          0x0000000000000000        0x0 build/default/production/main.o
 .data          0x0000000000000000        0x0 build/default/production/main.o
 .bss           0x0000000000000000        0x0 build/default/production/main.o
 .text          0x0000000000000000        0x0 build/default/production/freertos/croutine.o
 .data          0x0000000000000000        0x0 build/default/production/freertos/croutine.o
 .bss           0x0000000000000000        0x0 build/default/production/freertos/croutine.o
 .debug_info    0x0000000000000000      0x228 build/default/production/freertos/croutine.o
 .debug_abbrev  0x0000000000000000       0x1b build/default/production/freertos/croutine.o
 .debug_aranges
                0x0000000000000000       0x18 build/default/production/freertos/croutine.o
 .debug_line    0x0000000000000000       0x1a build/default/production/freertos/croutine.o
 .debug_str     0x0000000000000000        0x0 build/default/production/freertos/croutine.o
 .comment       0x0000000000000000       0x30 build/default/production/freertos/croutine.o
 .text          0x0000000000000000        0x0 build/default/production/freertos/event_groups.o
 .data          0x0000000000000000        0x0 build/default/production/freertos/event_groups.o
 .bss           0x0000000000000000        0x0 build/default/production/freertos/event_groups.o
 .text.xEventGroupCreate
                0x0000000000000000       0x26 build/default/production/freertos/event_groups.o
 .text.xEventGroupWaitBits
                0x0000000000000000      0x110 build/default/production/freertos/event_groups.o
 .text.xEventGroupClearBits
                0x0000000000000000       0x1e build/default/production/freertos/event_groups.o
 .text.xEventGroupGetBitsFromISR
                0x0000000000000000        0xe build/default/production/freertos/event_groups.o
 .text.xEventGroupSetBits
                0x0000000000000000       0xec build/default/production/freertos/event_groups.o
 .text.xEventGroupSync
                0x0000000000000000       0xd2 build/default/production/freertos/event_groups.o
 .text.vEventGroupDelete
                0x0000000000000000       0x74 build/default/production/freertos/event_groups.o
 .text.vEventGroupSetBitsCallback
                0x0000000000000000        0x8 build/default/production/freertos/event_groups.o
 .text.vEventGroupClearBitsCallback
                0x0000000000000000        0x8 build/default/production/freertos/event_groups.o
 .text.uxEventGroupGetNumber
                0x0000000000000000       0x1e build/default/production/freertos/event_groups.o
 .text.vEventGroupSetNumber
                0x0000000000000000        0x6 build/default/production/freertos/event_groups.o
 .debug_info    0x0000000000000000      0xd32 build/default/production/freertos/event_groups.o
 .debug_abbrev  0x0000000000000000      0x221 build/default/production/freertos/event_groups.o
 .debug_loc     0x0000000000000000      0x962 build/default/production/freertos/event_groups.o
 .debug_aranges
                0x0000000000000000       0x70 build/default/production/freertos/event_groups.o
 .debug_ranges  0x0000000000000000       0x78 build/default/production/freertos/event_groups.o
 .debug_line    0x0000000000000000      0x3d7 build/default/production/freertos/event_groups.o
 .debug_str     0x0000000000000000      0x1a5 build/default/production/freertos/event_groups.o
 .comment       0x0000000000000000       0x30 build/default/production/freertos/event_groups.o
 .debug_frame   0x0000000000000000      0x198 build/default/production/freertos/event_groups.o
 .text          0x0000000000000000        0x0 build/default/production/freertos/heap_4.o
 .data          0x0000000000000000        0x0 build/default/production/freertos/heap_4.o
 .bss           0x0000000000000000        0x0 build/default/production/freertos/heap_4.o
 .text.xPortGetFreeHeapSize
                0x0000000000000000        0xa build/default/production/freertos/heap_4.o
 .text.xPortGetMinimumEverFreeHeapSize
                0x0000000000000000        0xa build/default/production/freertos/heap_4.o
 .text.vPortInitialiseBlocks
                0x0000000000000000        0x2 build/default/production/freertos/heap_4.o
 .text.pvPortCalloc
                0x0000000000000000       0x5c build/default/production/freertos/heap_4.o
 .text.vPortGetHeapStats
                0x0000000000000000       0xd8 build/default/production/freertos/heap_4.o
 .text          0x0000000000000000        0x0 build/default/production/freertos/list.o
 .data          0x0000000000000000        0x0 build/default/production/freertos/list.o
 .bss           0x0000000000000000        0x0 build/default/production/freertos/list.o
 .text.vListInsertEnd
                0x0000000000000000       0x42 build/default/production/freertos/list.o
 .text          0x0000000000000000        0x0 build/default/production/freertos/port.o
 .data          0x0000000000000000        0x0 build/default/production/freertos/port.o
 .bss           0x0000000000000000        0x0 build/default/production/freertos/port.o
 .text.vPortEndScheduler
                0x0000000000000000        0x2 build/default/production/freertos/port.o
 .text          0x0000000000000000        0x0 build/default/production/freertos/queue.o
 .data          0x0000000000000000        0x0 build/default/production/freertos/queue.o
 .bss           0x0000000000000000        0x0 build/default/production/freertos/queue.o
 .text.prvIsQueueEmpty
                0x0000000000000000       0x22 build/default/production/freertos/queue.o
 .text.prvCopyDataToQueue
                0x0000000000000000       0x92 build/default/production/freertos/queue.o
 .text.prvCopyDataFromQueue
                0x0000000000000000       0x36 build/default/production/freertos/queue.o
 .text.prvUnlockQueue
                0x0000000000000000       0xaa build/default/production/freertos/queue.o
 .text.xQueueGenericReset
                0x0000000000000000       0xc8 build/default/production/freertos/queue.o
 .text.xQueueGenericCreate
                0x0000000000000000       0x86 build/default/production/freertos/queue.o
 .text.xQueueGenericSend
                0x0000000000000000      0x188 build/default/production/freertos/queue.o
 .text.xQueueGenericSendFromISR
                0x0000000000000000       0x80 build/default/production/freertos/queue.o
 .text.xQueueGiveFromISR
                0x0000000000000000       0x78 build/default/production/freertos/queue.o
 .text.xQueueReceive
                0x0000000000000000      0x14c build/default/production/freertos/queue.o
 .text.xQueueSemaphoreTake
                0x0000000000000000      0x134 build/default/production/freertos/queue.o
 .text.xQueuePeek
                0x0000000000000000      0x14c build/default/production/freertos/queue.o
 .text.xQueueReceiveFromISR
                0x0000000000000000       0x7e build/default/production/freertos/queue.o
 .text.xQueuePeekFromISR
                0x0000000000000000       0x2e build/default/production/freertos/queue.o
 .text.uxQueueMessagesWaiting
                0x0000000000000000       0x10 build/default/production/freertos/queue.o
 .text.uxQueueSpacesAvailable
                0x0000000000000000       0x14 build/default/production/freertos/queue.o
 .text.uxQueueMessagesWaitingFromISR
                0x0000000000000000        0x6 build/default/production/freertos/queue.o
 .text.uxQueueGetQueueNumber
                0x0000000000000000        0x6 build/default/production/freertos/queue.o
 .text.vQueueSetQueueNumber
                0x0000000000000000        0x6 build/default/production/freertos/queue.o
 .text.ucQueueGetQueueType
                0x0000000000000000        0x6 build/default/production/freertos/queue.o
 .text.xQueueIsQueueEmptyFromISR
                0x0000000000000000        0xc build/default/production/freertos/queue.o
 .text.xQueueIsQueueFullFromISR
                0x0000000000000000        0xe build/default/production/freertos/queue.o
 .text.vQueueAddToRegistry
                0x0000000000000000       0x44 build/default/production/freertos/queue.o
 .text.pcQueueGetName
                0x0000000000000000       0x24 build/default/production/freertos/queue.o
 .text.vQueueUnregisterQueue
                0x0000000000000000       0x1e build/default/production/freertos/queue.o
 .text.vQueueDelete
                0x0000000000000000       0x16 build/default/production/freertos/queue.o
 .debug_info    0x0000000000000000     0x1bc3 build/default/production/freertos/queue.o
 .debug_abbrev  0x0000000000000000      0x2cb build/default/production/freertos/queue.o
 .debug_loc     0x0000000000000000     0x15e7 build/default/production/freertos/queue.o
 .debug_aranges
                0x0000000000000000       0xe8 build/default/production/freertos/queue.o
 .debug_ranges  0x0000000000000000      0x180 build/default/production/freertos/queue.o
 .debug_line    0x0000000000000000      0xb54 build/default/production/freertos/queue.o
 .debug_str     0x0000000000000000      0x22d build/default/production/freertos/queue.o
 .comment       0x0000000000000000       0x30 build/default/production/freertos/queue.o
 .debug_frame   0x0000000000000000      0x3d8 build/default/production/freertos/queue.o
 COMMON         0x0000000000000000        0x5 build/default/production/freertos/queue.o
 .text          0x0000000000000000        0x0 build/default/production/freertos/stream_buffer.o
 .data          0x0000000000000000        0x0 build/default/production/freertos/stream_buffer.o
 .bss           0x0000000000000000        0x0 build/default/production/freertos/stream_buffer.o
 .text.prvBytesInBuffer
                0x0000000000000000       0x54 build/default/production/freertos/stream_buffer.o
 .text.prvWriteBytesToBuffer
                0x0000000000000000       0x96 build/default/production/freertos/stream_buffer.o
 .text.prvWriteMessageToBuffer
                0x0000000000000000       0xa0 build/default/production/freertos/stream_buffer.o
 .text.prvReadBytesFromBuffer
                0x0000000000000000       0x8c build/default/production/freertos/stream_buffer.o
 .text.prvReadMessageFromBuffer
                0x0000000000000000       0x90 build/default/production/freertos/stream_buffer.o
 .text.xStreamBufferGenericCreate
                0x0000000000000000       0x6c build/default/production/freertos/stream_buffer.o
 .text.vStreamBufferDelete
                0x0000000000000000       0x1a build/default/production/freertos/stream_buffer.o
 .text.xStreamBufferReset
                0x0000000000000000       0x8a build/default/production/freertos/stream_buffer.o
 .text.xStreamBufferSetTriggerLevel
                0x0000000000000000       0x22 build/default/production/freertos/stream_buffer.o
 .text.xStreamBufferSpacesAvailable
                0x0000000000000000       0x80 build/default/production/freertos/stream_buffer.o
 .text.xStreamBufferBytesAvailable
                0x0000000000000000        0xa build/default/production/freertos/stream_buffer.o
 .text.xStreamBufferSend
                0x0000000000000000      0x178 build/default/production/freertos/stream_buffer.o
 .text.xStreamBufferSendFromISR
                0x0000000000000000       0xa2 build/default/production/freertos/stream_buffer.o
 .text.xStreamBufferReceive
                0x0000000000000000      0x11a build/default/production/freertos/stream_buffer.o
 .text.xStreamBufferNextMessageLengthBytes
                0x0000000000000000       0x58 build/default/production/freertos/stream_buffer.o
 .text.xStreamBufferReceiveFromISR
                0x0000000000000000       0x8c build/default/production/freertos/stream_buffer.o
 .text.xStreamBufferIsEmpty
                0x0000000000000000       0x24 build/default/production/freertos/stream_buffer.o
 .text.xStreamBufferIsFull
                0x0000000000000000       0x3a build/default/production/freertos/stream_buffer.o
 .text.xStreamBufferSendCompletedFromISR
                0x0000000000000000       0x4c build/default/production/freertos/stream_buffer.o
 .text.xStreamBufferReceiveCompletedFromISR
                0x0000000000000000       0x4c build/default/production/freertos/stream_buffer.o
 .text.uxStreamBufferGetStreamBufferNumber
                0x0000000000000000        0x6 build/default/production/freertos/stream_buffer.o
 .text.vStreamBufferSetStreamBufferNumber
                0x0000000000000000        0x6 build/default/production/freertos/stream_buffer.o
 .text.ucStreamBufferGetStreamBufferType
                0x0000000000000000        0x8 build/default/production/freertos/stream_buffer.o
 .debug_info    0x0000000000000000     0x196e build/default/production/freertos/stream_buffer.o
 .debug_abbrev  0x0000000000000000      0x255 build/default/production/freertos/stream_buffer.o
 .debug_loc     0x0000000000000000     0x16bc build/default/production/freertos/stream_buffer.o
 .debug_aranges
                0x0000000000000000       0xd0 build/default/production/freertos/stream_buffer.o
 .debug_ranges  0x0000000000000000       0xc0 build/default/production/freertos/stream_buffer.o
 .debug_line    0x0000000000000000      0x775 build/default/production/freertos/stream_buffer.o
 .debug_str     0x0000000000000000      0x257 build/default/production/freertos/stream_buffer.o
 .comment       0x0000000000000000       0x30 build/default/production/freertos/stream_buffer.o
 .debug_frame   0x0000000000000000      0x474 build/default/production/freertos/stream_buffer.o
 .text          0x0000000000000000        0x0 build/default/production/freertos/tasks.o
 .data          0x0000000000000000        0x0 build/default/production/freertos/tasks.o
 .bss           0x0000000000000000        0x0 build/default/production/freertos/tasks.o
 .text.vTaskDelete
                0x0000000000000000       0xb8 build/default/production/freertos/tasks.o
 .text.eTaskGetState
                0x0000000000000000       0x80 build/default/production/freertos/tasks.o
 .text.vTaskPrioritySet
                0x0000000000000000      0x132 build/default/production/freertos/tasks.o
 .text.vTaskEndScheduler
                0x0000000000000000        0xc build/default/production/freertos/tasks.o
 .text.xTaskGetTickCount
                0x0000000000000000       0x14 build/default/production/freertos/tasks.o
 .text.xTaskGetTickCountFromISR
                0x0000000000000000        0xa build/default/production/freertos/tasks.o
 .text.uxTaskGetNumberOfTasks
                0x0000000000000000        0x6 build/default/production/freertos/tasks.o
 .text.pcTaskGetName
                0x0000000000000000       0x10 build/default/production/freertos/tasks.o
 .text.xTaskDelayUntil
                0x0000000000000000       0x8e build/default/production/freertos/tasks.o
 .text.xTaskCatchUpTicks
                0x0000000000000000       0x32 build/default/production/freertos/tasks.o
 .text.vTaskPlaceOnEventList
                0x0000000000000000       0x24 build/default/production/freertos/tasks.o
 .text.vTaskPlaceOnUnorderedEventList
                0x0000000000000000       0x8c build/default/production/freertos/tasks.o
 .text.xTaskRemoveFromEventList
                0x0000000000000000      0x186 build/default/production/freertos/tasks.o
 .text.vTaskRemoveFromUnorderedEventList
                0x0000000000000000      0x14e build/default/production/freertos/tasks.o
 .text.vTaskSetTimeOutState
                0x0000000000000000       0x20 build/default/production/freertos/tasks.o
 .text.vTaskInternalSetTimeOutState
                0x0000000000000000       0x16 build/default/production/freertos/tasks.o
 .text.xTaskCheckForTimeOut
                0x0000000000000000       0x62 build/default/production/freertos/tasks.o
 .text.vTaskMissedYield
                0x0000000000000000        0x8 build/default/production/freertos/tasks.o
 .text.uxTaskGetTaskNumber
                0x0000000000000000       0x18 build/default/production/freertos/tasks.o
 .text.vTaskSetTaskNumber
                0x0000000000000000        0xa build/default/production/freertos/tasks.o
 .text.vTaskGetInfo
                0x0000000000000000       0xc2 build/default/production/freertos/tasks.o
 .text.prvListTasksWithinSingleList
                0x0000000000000000       0xbc build/default/production/freertos/tasks.o
 .text.uxTaskGetSystemState
                0x0000000000000000       0xd6 build/default/production/freertos/tasks.o
 .text.xTaskGetCurrentTaskHandle
                0x0000000000000000        0xa build/default/production/freertos/tasks.o
 .text.uxTaskResetEventItemValue
                0x0000000000000000       0x2e build/default/production/freertos/tasks.o
 .text.ulTaskGenericNotifyTake
                0x0000000000000000      0x102 build/default/production/freertos/tasks.o
 .text.xTaskGenericNotifyWait
                0x0000000000000000      0x142 build/default/production/freertos/tasks.o
 .text.xTaskGenericNotify
                0x0000000000000000      0x204 build/default/production/freertos/tasks.o
 .text.xTaskGenericNotifyFromISR
                0x0000000000000000      0x258 build/default/production/freertos/tasks.o
 .text.vTaskGenericNotifyGiveFromISR
                0x0000000000000000      0x194 build/default/production/freertos/tasks.o
 .text.xTaskGenericNotifyStateClear
                0x0000000000000000       0x34 build/default/production/freertos/tasks.o
 .text.ulTaskGenericNotifyValueClear
                0x0000000000000000       0x68 build/default/production/freertos/tasks.o
 .text          0x0000000000000000        0x0 build/default/production/freertos/timers.o
 .data          0x0000000000000000        0x0 build/default/production/freertos/timers.o
 .bss           0x0000000000000000        0x0 build/default/production/freertos/timers.o
 .debug_info    0x0000000000000000      0x226 build/default/production/freertos/timers.o
 .debug_abbrev  0x0000000000000000       0x1b build/default/production/freertos/timers.o
 .debug_aranges
                0x0000000000000000       0x18 build/default/production/freertos/timers.o
 .debug_line    0x0000000000000000       0x1a build/default/production/freertos/timers.o
 .debug_str     0x0000000000000000        0x0 build/default/production/freertos/timers.o
 .comment       0x0000000000000000       0x30 build/default/production/freertos/timers.o
 .text          0x0000000000000000        0x0 build/default/production/mUART.o
 .data          0x0000000000000000        0x0 build/default/production/mUART.o
 .bss           0x0000000000000000        0x0 build/default/production/mUART.o
 .text.UART_receive
                0x0000000000000000        0x8 build/default/production/mUART.o
 .text          0x0000000000000000        0x0 c:/program files/microchip/xc8/v2.32/avr/bin/../lib/gcc/avr/5.4.0/../../../../avr/lib/avr5/memx-const\libm.a(addsf3.o)
 .data          0x0000000000000000        0x0 c:/program files/microchip/xc8/v2.32/avr/bin/../lib/gcc/avr/5.4.0/../../../../avr/lib/avr5/memx-const\libm.a(addsf3.o)
 .bss           0x0000000000000000        0x0 c:/program files/microchip/xc8/v2.32/avr/bin/../lib/gcc/avr/5.4.0/../../../../avr/lib/avr5/memx-const\libm.a(addsf3.o)
 .stack.descriptors
                0x0000000000000000       0x2c c:/program files/microchip/xc8/v2.32/avr/bin/../lib/gcc/avr/5.4.0/../../../../avr/lib/avr5/memx-const\libm.a(addsf3.o)
 .text          0x0000000000000000        0x0 c:/program files/microchip/xc8/v2.32/avr/bin/../lib/gcc/avr/5.4.0/../../../../avr/lib/avr5/memx-const\libm.a(addsf3x.o)
 .data          0x0000000000000000        0x0 c:/program files/microchip/xc8/v2.32/avr/bin/../lib/gcc/avr/5.4.0/../../../../avr/lib/avr5/memx-const\libm.a(addsf3x.o)
 .bss           0x0000000000000000        0x0 c:/program files/microchip/xc8/v2.32/avr/bin/../lib/gcc/avr/5.4.0/../../../../avr/lib/avr5/memx-const\libm.a(addsf3x.o)
 .stack.descriptors
                0x0000000000000000       0x17 c:/program files/microchip/xc8/v2.32/avr/bin/../lib/gcc/avr/5.4.0/../../../../avr/lib/avr5/memx-const\libm.a(addsf3x.o)
 .text          0x0000000000000000        0x0 c:/program files/microchip/xc8/v2.32/avr/bin/../lib/gcc/avr/5.4.0/../../../../avr/lib/avr5/memx-const\libm.a(divsf3.o)
 .data          0x0000000000000000        0x0 c:/program files/microchip/xc8/v2.32/avr/bin/../lib/gcc/avr/5.4.0/../../../../avr/lib/avr5/memx-const\libm.a(divsf3.o)
 .bss           0x0000000000000000        0x0 c:/program files/microchip/xc8/v2.32/avr/bin/../lib/gcc/avr/5.4.0/../../../../avr/lib/avr5/memx-const\libm.a(divsf3.o)
 .stack.descriptors
                0x0000000000000000       0x16 c:/program files/microchip/xc8/v2.32/avr/bin/../lib/gcc/avr/5.4.0/../../../../avr/lib/avr5/memx-const\libm.a(divsf3.o)
 .text          0x0000000000000000        0x0 c:/program files/microchip/xc8/v2.32/avr/bin/../lib/gcc/avr/5.4.0/../../../../avr/lib/avr5/memx-const\libm.a(divsf3x.o)
 .data          0x0000000000000000        0x0 c:/program files/microchip/xc8/v2.32/avr/bin/../lib/gcc/avr/5.4.0/../../../../avr/lib/avr5/memx-const\libm.a(divsf3x.o)
 .bss           0x0000000000000000        0x0 c:/program files/microchip/xc8/v2.32/avr/bin/../lib/gcc/avr/5.4.0/../../../../avr/lib/avr5/memx-const\libm.a(divsf3x.o)
 .stack.descriptors
                0x0000000000000000       0x31 c:/program files/microchip/xc8/v2.32/avr/bin/../lib/gcc/avr/5.4.0/../../../../avr/lib/avr5/memx-const\libm.a(divsf3x.o)
 .text          0x0000000000000000        0x0 c:/program files/microchip/xc8/v2.32/avr/bin/../lib/gcc/avr/5.4.0/../../../../avr/lib/avr5/memx-const\libm.a(fixunssfsi.o)
 .data          0x0000000000000000        0x0 c:/program files/microchip/xc8/v2.32/avr/bin/../lib/gcc/avr/5.4.0/../../../../avr/lib/avr5/memx-const\libm.a(fixunssfsi.o)
 .bss           0x0000000000000000        0x0 c:/program files/microchip/xc8/v2.32/avr/bin/../lib/gcc/avr/5.4.0/../../../../avr/lib/avr5/memx-const\libm.a(fixunssfsi.o)
 .stack.descriptors
                0x0000000000000000       0x1a c:/program files/microchip/xc8/v2.32/avr/bin/../lib/gcc/avr/5.4.0/../../../../avr/lib/avr5/memx-const\libm.a(fixunssfsi.o)
 .text          0x0000000000000000        0x0 c:/program files/microchip/xc8/v2.32/avr/bin/../lib/gcc/avr/5.4.0/../../../../avr/lib/avr5/memx-const\libm.a(floatsisf.o)
 .data          0x0000000000000000        0x0 c:/program files/microchip/xc8/v2.32/avr/bin/../lib/gcc/avr/5.4.0/../../../../avr/lib/avr5/memx-const\libm.a(floatsisf.o)
 .bss           0x0000000000000000        0x0 c:/program files/microchip/xc8/v2.32/avr/bin/../lib/gcc/avr/5.4.0/../../../../avr/lib/avr5/memx-const\libm.a(floatsisf.o)
 .stack.descriptors
                0x0000000000000000       0x34 c:/program files/microchip/xc8/v2.32/avr/bin/../lib/gcc/avr/5.4.0/../../../../avr/lib/avr5/memx-const\libm.a(floatsisf.o)
 .text          0x0000000000000000        0x0 c:/program files/microchip/xc8/v2.32/avr/bin/../lib/gcc/avr/5.4.0/../../../../avr/lib/avr5/memx-const\libm.a(fp_inf.o)
 .data          0x0000000000000000        0x0 c:/program files/microchip/xc8/v2.32/avr/bin/../lib/gcc/avr/5.4.0/../../../../avr/lib/avr5/memx-const\libm.a(fp_inf.o)
 .bss           0x0000000000000000        0x0 c:/program files/microchip/xc8/v2.32/avr/bin/../lib/gcc/avr/5.4.0/../../../../avr/lib/avr5/memx-const\libm.a(fp_inf.o)
 .stack.descriptors
                0x0000000000000000       0x16 c:/program files/microchip/xc8/v2.32/avr/bin/../lib/gcc/avr/5.4.0/../../../../avr/lib/avr5/memx-const\libm.a(fp_inf.o)
 .text          0x0000000000000000        0x0 c:/program files/microchip/xc8/v2.32/avr/bin/../lib/gcc/avr/5.4.0/../../../../avr/lib/avr5/memx-const\libm.a(fp_nan.o)
 .data          0x0000000000000000        0x0 c:/program files/microchip/xc8/v2.32/avr/bin/../lib/gcc/avr/5.4.0/../../../../avr/lib/avr5/memx-const\libm.a(fp_nan.o)
 .bss           0x0000000000000000        0x0 c:/program files/microchip/xc8/v2.32/avr/bin/../lib/gcc/avr/5.4.0/../../../../avr/lib/avr5/memx-const\libm.a(fp_nan.o)
 .stack.descriptors
                0x0000000000000000       0x16 c:/program files/microchip/xc8/v2.32/avr/bin/../lib/gcc/avr/5.4.0/../../../../avr/lib/avr5/memx-const\libm.a(fp_nan.o)
 .text          0x0000000000000000        0x0 c:/program files/microchip/xc8/v2.32/avr/bin/../lib/gcc/avr/5.4.0/../../../../avr/lib/avr5/memx-const\libm.a(fp_pscA.o)
 .data          0x0000000000000000        0x0 c:/program files/microchip/xc8/v2.32/avr/bin/../lib/gcc/avr/5.4.0/../../../../avr/lib/avr5/memx-const\libm.a(fp_pscA.o)
 .bss           0x0000000000000000        0x0 c:/program files/microchip/xc8/v2.32/avr/bin/../lib/gcc/avr/5.4.0/../../../../avr/lib/avr5/memx-const\libm.a(fp_pscA.o)
 .stack.descriptors
                0x0000000000000000       0x17 c:/program files/microchip/xc8/v2.32/avr/bin/../lib/gcc/avr/5.4.0/../../../../avr/lib/avr5/memx-const\libm.a(fp_pscA.o)
 .text          0x0000000000000000        0x0 c:/program files/microchip/xc8/v2.32/avr/bin/../lib/gcc/avr/5.4.0/../../../../avr/lib/avr5/memx-const\libm.a(fp_pscB.o)
 .data          0x0000000000000000        0x0 c:/program files/microchip/xc8/v2.32/avr/bin/../lib/gcc/avr/5.4.0/../../../../avr/lib/avr5/memx-const\libm.a(fp_pscB.o)
 .bss           0x0000000000000000        0x0 c:/program files/microchip/xc8/v2.32/avr/bin/../lib/gcc/avr/5.4.0/../../../../avr/lib/avr5/memx-const\libm.a(fp_pscB.o)
 .stack.descriptors
                0x0000000000000000       0x17 c:/program files/microchip/xc8/v2.32/avr/bin/../lib/gcc/avr/5.4.0/../../../../avr/lib/avr5/memx-const\libm.a(fp_pscB.o)
 .text          0x0000000000000000        0x0 c:/program files/microchip/xc8/v2.32/avr/bin/../lib/gcc/avr/5.4.0/../../../../avr/lib/avr5/memx-const\libm.a(fp_round.o)
 .data          0x0000000000000000        0x0 c:/program files/microchip/xc8/v2.32/avr/bin/../lib/gcc/avr/5.4.0/../../../../avr/lib/avr5/memx-const\libm.a(fp_round.o)
 .bss           0x0000000000000000        0x0 c:/program files/microchip/xc8/v2.32/avr/bin/../lib/gcc/avr/5.4.0/../../../../avr/lib/avr5/memx-const\libm.a(fp_round.o)
 .stack.descriptors
                0x0000000000000000       0x18 c:/program files/microchip/xc8/v2.32/avr/bin/../lib/gcc/avr/5.4.0/../../../../avr/lib/avr5/memx-const\libm.a(fp_round.o)
 .text          0x0000000000000000        0x0 c:/program files/microchip/xc8/v2.32/avr/bin/../lib/gcc/avr/5.4.0/../../../../avr/lib/avr5/memx-const\libm.a(fp_split3.o)
 .data          0x0000000000000000        0x0 c:/program files/microchip/xc8/v2.32/avr/bin/../lib/gcc/avr/5.4.0/../../../../avr/lib/avr5/memx-const\libm.a(fp_split3.o)
 .bss           0x0000000000000000        0x0 c:/program files/microchip/xc8/v2.32/avr/bin/../lib/gcc/avr/5.4.0/../../../../avr/lib/avr5/memx-const\libm.a(fp_split3.o)
 .stack.descriptors
                0x0000000000000000       0x32 c:/program files/microchip/xc8/v2.32/avr/bin/../lib/gcc/avr/5.4.0/../../../../avr/lib/avr5/memx-const\libm.a(fp_split3.o)
 .text          0x0000000000000000        0x0 c:/program files/microchip/xc8/v2.32/avr/bin/../lib/gcc/avr/5.4.0/../../../../avr/lib/avr5/memx-const\libm.a(fp_zero.o)
 .data          0x0000000000000000        0x0 c:/program files/microchip/xc8/v2.32/avr/bin/../lib/gcc/avr/5.4.0/../../../../avr/lib/avr5/memx-const\libm.a(fp_zero.o)
 .bss           0x0000000000000000        0x0 c:/program files/microchip/xc8/v2.32/avr/bin/../lib/gcc/avr/5.4.0/../../../../avr/lib/avr5/memx-const\libm.a(fp_zero.o)
 .stack.descriptors
                0x0000000000000000       0x2f c:/program files/microchip/xc8/v2.32/avr/bin/../lib/gcc/avr/5.4.0/../../../../avr/lib/avr5/memx-const\libm.a(fp_zero.o)
 .text          0x0000000000000000        0x0 c:/program files/microchip/xc8/v2.32/avr/bin/../lib/gcc/avr/5.4.0/avr5/memx-const\libgcc.a(_udivmodhi4.o)
 .data          0x0000000000000000        0x0 c:/program files/microchip/xc8/v2.32/avr/bin/../lib/gcc/avr/5.4.0/avr5/memx-const\libgcc.a(_udivmodhi4.o)
 .bss           0x0000000000000000        0x0 c:/program files/microchip/xc8/v2.32/avr/bin/../lib/gcc/avr/5.4.0/avr5/memx-const\libgcc.a(_udivmodhi4.o)
 .text.libgcc.mul
                0x0000000000000000        0x0 c:/program files/microchip/xc8/v2.32/avr/bin/../lib/gcc/avr/5.4.0/avr5/memx-const\libgcc.a(_udivmodhi4.o)
 .text.libgcc.div
                0x0000000000000000       0x28 c:/program files/microchip/xc8/v2.32/avr/bin/../lib/gcc/avr/5.4.0/avr5/memx-const\libgcc.a(_udivmodhi4.o)
 .stack.descriptors.hdr
                0x0000000000000000        0xe c:/program files/microchip/xc8/v2.32/avr/bin/../lib/gcc/avr/5.4.0/avr5/memx-const\libgcc.a(_udivmodhi4.o)
 .stack.descriptors
                0x0000000000000000       0x1a c:/program files/microchip/xc8/v2.32/avr/bin/../lib/gcc/avr/5.4.0/avr5/memx-const\libgcc.a(_udivmodhi4.o)
 .text.libgcc   0x0000000000000000        0x0 c:/program files/microchip/xc8/v2.32/avr/bin/../lib/gcc/avr/5.4.0/avr5/memx-const\libgcc.a(_udivmodhi4.o)
 .text.libgcc.prologue
                0x0000000000000000        0x0 c:/program files/microchip/xc8/v2.32/avr/bin/../lib/gcc/avr/5.4.0/avr5/memx-const\libgcc.a(_udivmodhi4.o)
 .text.libgcc.builtins
                0x0000000000000000        0x0 c:/program files/microchip/xc8/v2.32/avr/bin/../lib/gcc/avr/5.4.0/avr5/memx-const\libgcc.a(_udivmodhi4.o)
 .text.libgcc.fmul
                0x0000000000000000        0x0 c:/program files/microchip/xc8/v2.32/avr/bin/../lib/gcc/avr/5.4.0/avr5/memx-const\libgcc.a(_udivmodhi4.o)
 .text.libgcc.fixed
                0x0000000000000000        0x0 c:/program files/microchip/xc8/v2.32/avr/bin/../lib/gcc/avr/5.4.0/avr5/memx-const\libgcc.a(_udivmodhi4.o)
 .text          0x0000000000000000        0x0 c:/program files/microchip/xc8/v2.32/avr/bin/../lib/gcc/avr/5.4.0/avr5/memx-const\libgcc.a(_exit.o)
 .data          0x0000000000000000        0x0 c:/program files/microchip/xc8/v2.32/avr/bin/../lib/gcc/avr/5.4.0/avr5/memx-const\libgcc.a(_exit.o)
 .bss           0x0000000000000000        0x0 c:/program files/microchip/xc8/v2.32/avr/bin/../lib/gcc/avr/5.4.0/avr5/memx-const\libgcc.a(_exit.o)
 .text.libgcc.mul
                0x0000000000000000        0x0 c:/program files/microchip/xc8/v2.32/avr/bin/../lib/gcc/avr/5.4.0/avr5/memx-const\libgcc.a(_exit.o)
 .text.libgcc.div
                0x0000000000000000        0x0 c:/program files/microchip/xc8/v2.32/avr/bin/../lib/gcc/avr/5.4.0/avr5/memx-const\libgcc.a(_exit.o)
 .text.libgcc   0x0000000000000000        0x0 c:/program files/microchip/xc8/v2.32/avr/bin/../lib/gcc/avr/5.4.0/avr5/memx-const\libgcc.a(_exit.o)
 .text.libgcc.prologue
                0x0000000000000000        0x0 c:/program files/microchip/xc8/v2.32/avr/bin/../lib/gcc/avr/5.4.0/avr5/memx-const\libgcc.a(_exit.o)
 .stack.descriptors
                0x0000000000000000       0x13 c:/program files/microchip/xc8/v2.32/avr/bin/../lib/gcc/avr/5.4.0/avr5/memx-const\libgcc.a(_exit.o)
 .text.libgcc.builtins
                0x0000000000000000        0x0 c:/program files/microchip/xc8/v2.32/avr/bin/../lib/gcc/avr/5.4.0/avr5/memx-const\libgcc.a(_exit.o)
 .text.libgcc.fmul
                0x0000000000000000        0x0 c:/program files/microchip/xc8/v2.32/avr/bin/../lib/gcc/avr/5.4.0/avr5/memx-const\libgcc.a(_exit.o)
 .text.libgcc.fixed
                0x0000000000000000        0x0 c:/program files/microchip/xc8/v2.32/avr/bin/../lib/gcc/avr/5.4.0/avr5/memx-const\libgcc.a(_exit.o)
 .text          0x0000000000000000        0x0 c:/program files/microchip/xc8/v2.32/avr/bin/../lib/gcc/avr/5.4.0/avr5/memx-const\libgcc.a(_copy_data.o)
 .data          0x0000000000000000        0x0 c:/program files/microchip/xc8/v2.32/avr/bin/../lib/gcc/avr/5.4.0/avr5/memx-const\libgcc.a(_copy_data.o)
 .bss           0x0000000000000000        0x0 c:/program files/microchip/xc8/v2.32/avr/bin/../lib/gcc/avr/5.4.0/avr5/memx-const\libgcc.a(_copy_data.o)
 .text.libgcc.mul
                0x0000000000000000        0x0 c:/program files/microchip/xc8/v2.32/avr/bin/../lib/gcc/avr/5.4.0/avr5/memx-const\libgcc.a(_copy_data.o)
 .text.libgcc.div
                0x0000000000000000        0x0 c:/program files/microchip/xc8/v2.32/avr/bin/../lib/gcc/avr/5.4.0/avr5/memx-const\libgcc.a(_copy_data.o)
 .text.libgcc   0x0000000000000000        0x0 c:/program files/microchip/xc8/v2.32/avr/bin/../lib/gcc/avr/5.4.0/avr5/memx-const\libgcc.a(_copy_data.o)
 .text.libgcc.prologue
                0x0000000000000000        0x0 c:/program files/microchip/xc8/v2.32/avr/bin/../lib/gcc/avr/5.4.0/avr5/memx-const\libgcc.a(_copy_data.o)
 .text.libgcc.builtins
                0x0000000000000000        0x0 c:/program files/microchip/xc8/v2.32/avr/bin/../lib/gcc/avr/5.4.0/avr5/memx-const\libgcc.a(_copy_data.o)
 .text.libgcc.fmul
                0x0000000000000000        0x0 c:/program files/microchip/xc8/v2.32/avr/bin/../lib/gcc/avr/5.4.0/avr5/memx-const\libgcc.a(_copy_data.o)
 .text.libgcc.fixed
                0x0000000000000000        0x0 c:/program files/microchip/xc8/v2.32/avr/bin/../lib/gcc/avr/5.4.0/avr5/memx-const\libgcc.a(_copy_data.o)
 .text          0x0000000000000000        0x0 c:/program files/microchip/xc8/v2.32/avr/bin/../lib/gcc/avr/5.4.0/avr5/memx-const\libgcc.a(_xload_2.o)
 .data          0x0000000000000000        0x0 c:/program files/microchip/xc8/v2.32/avr/bin/../lib/gcc/avr/5.4.0/avr5/memx-const\libgcc.a(_xload_2.o)
 .bss           0x0000000000000000        0x0 c:/program files/microchip/xc8/v2.32/avr/bin/../lib/gcc/avr/5.4.0/avr5/memx-const\libgcc.a(_xload_2.o)
 .text.libgcc.mul
                0x0000000000000000        0x0 c:/program files/microchip/xc8/v2.32/avr/bin/../lib/gcc/avr/5.4.0/avr5/memx-const\libgcc.a(_xload_2.o)
 .text.libgcc.div
                0x0000000000000000        0x0 c:/program files/microchip/xc8/v2.32/avr/bin/../lib/gcc/avr/5.4.0/avr5/memx-const\libgcc.a(_xload_2.o)
 .text.libgcc   0x0000000000000000       0x10 c:/program files/microchip/xc8/v2.32/avr/bin/../lib/gcc/avr/5.4.0/avr5/memx-const\libgcc.a(_xload_2.o)
 .text.libgcc.prologue
                0x0000000000000000        0x0 c:/program files/microchip/xc8/v2.32/avr/bin/../lib/gcc/avr/5.4.0/avr5/memx-const\libgcc.a(_xload_2.o)
 .stack.descriptors.hdr
                0x0000000000000000        0xe c:/program files/microchip/xc8/v2.32/avr/bin/../lib/gcc/avr/5.4.0/avr5/memx-const\libgcc.a(_xload_2.o)
 .stack.descriptors
                0x0000000000000000       0x17 c:/program files/microchip/xc8/v2.32/avr/bin/../lib/gcc/avr/5.4.0/avr5/memx-const\libgcc.a(_xload_2.o)
 .text.libgcc.builtins
                0x0000000000000000        0x0 c:/program files/microchip/xc8/v2.32/avr/bin/../lib/gcc/avr/5.4.0/avr5/memx-const\libgcc.a(_xload_2.o)
 .text.libgcc.fmul
                0x0000000000000000        0x0 c:/program files/microchip/xc8/v2.32/avr/bin/../lib/gcc/avr/5.4.0/avr5/memx-const\libgcc.a(_xload_2.o)
 .text.libgcc.fixed
                0x0000000000000000        0x0 c:/program files/microchip/xc8/v2.32/avr/bin/../lib/gcc/avr/5.4.0/avr5/memx-const\libgcc.a(_xload_2.o)
 .text          0x0000000000000000        0x0 c:/program files/microchip/xc8/v2.32/avr/bin/../lib/gcc/avr/5.4.0/avr5/memx-const\libgcc.a(_movmemx.o)
 .data          0x0000000000000000        0x0 c:/program files/microchip/xc8/v2.32/avr/bin/../lib/gcc/avr/5.4.0/avr5/memx-const\libgcc.a(_movmemx.o)
 .bss           0x0000000000000000        0x0 c:/program files/microchip/xc8/v2.32/avr/bin/../lib/gcc/avr/5.4.0/avr5/memx-const\libgcc.a(_movmemx.o)
 .text.libgcc.mul
                0x0000000000000000        0x0 c:/program files/microchip/xc8/v2.32/avr/bin/../lib/gcc/avr/5.4.0/avr5/memx-const\libgcc.a(_movmemx.o)
 .text.libgcc.div
                0x0000000000000000        0x0 c:/program files/microchip/xc8/v2.32/avr/bin/../lib/gcc/avr/5.4.0/avr5/memx-const\libgcc.a(_movmemx.o)
 .text.libgcc.prologue
                0x0000000000000000        0x0 c:/program files/microchip/xc8/v2.32/avr/bin/../lib/gcc/avr/5.4.0/avr5/memx-const\libgcc.a(_movmemx.o)
 .stack.descriptors
                0x0000000000000000       0x34 c:/program files/microchip/xc8/v2.32/avr/bin/../lib/gcc/avr/5.4.0/avr5/memx-const\libgcc.a(_movmemx.o)
 .text.libgcc.builtins
                0x0000000000000000        0x0 c:/program files/microchip/xc8/v2.32/avr/bin/../lib/gcc/avr/5.4.0/avr5/memx-const\libgcc.a(_movmemx.o)
 .text.libgcc.fmul
                0x0000000000000000        0x0 c:/program files/microchip/xc8/v2.32/avr/bin/../lib/gcc/avr/5.4.0/avr5/memx-const\libgcc.a(_movmemx.o)
 .text.libgcc.fixed
                0x0000000000000000        0x0 c:/program files/microchip/xc8/v2.32/avr/bin/../lib/gcc/avr/5.4.0/avr5/memx-const\libgcc.a(_movmemx.o)
 .text          0x0000000000000000        0x0 c:/program files/microchip/xc8/v2.32/avr/bin/../lib/gcc/avr/5.4.0/../../../../avr/lib/avr5/memx-const\libc.a(memcpy_M.o)
 .data          0x0000000000000000        0x0 c:/program files/microchip/xc8/v2.32/avr/bin/../lib/gcc/avr/5.4.0/../../../../avr/lib/avr5/memx-const\libc.a(memcpy_M.o)
 .bss           0x0000000000000000        0x0 c:/program files/microchip/xc8/v2.32/avr/bin/../lib/gcc/avr/5.4.0/../../../../avr/lib/avr5/memx-const\libc.a(memcpy_M.o)
 .stack.descriptors
                0x0000000000000000       0x14 c:/program files/microchip/xc8/v2.32/avr/bin/../lib/gcc/avr/5.4.0/../../../../avr/lib/avr5/memx-const\libc.a(memcpy_M.o)
 .text.avrlibc  0x0000000000000000       0x32 c:/program files/microchip/xc8/v2.32/avr/bin/../lib/gcc/avr/5.4.0/../../../../avr/lib/avr5/memx-const\libc.a(memcpy_M.o)
 .comment       0x0000000000000000       0x2d c:/program files/microchip/xc8/v2.32/avr/bin/../lib/gcc/avr/5.4.0/../../../../avr/lib/avr5/memx-const\libc.a(memcpy_M.o)
 .stack.descriptors.hdr
                0x0000000000000000        0xe c:/program files/microchip/xc8/v2.32/avr/bin/../lib/gcc/avr/5.4.0/../../../../avr/lib/avr5/memx-const\libc.a(memcpy_M.o)
 .text          0x0000000000000000        0x0 c:/program files/microchip/xc8/v2.32/avr/bin/../lib/gcc/avr/5.4.0/../../../../avr/lib/avr5/memx-const\libc.a(memset.o)
 .data          0x0000000000000000        0x0 c:/program files/microchip/xc8/v2.32/avr/bin/../lib/gcc/avr/5.4.0/../../../../avr/lib/avr5/memx-const\libc.a(memset.o)
 .bss           0x0000000000000000        0x0 c:/program files/microchip/xc8/v2.32/avr/bin/../lib/gcc/avr/5.4.0/../../../../avr/lib/avr5/memx-const\libc.a(memset.o)
 .stack.descriptors
                0x0000000000000000       0x14 c:/program files/microchip/xc8/v2.32/avr/bin/../lib/gcc/avr/5.4.0/../../../../avr/lib/avr5/memx-const\libc.a(memset.o)

Memory Configuration

Name             Origin             Length             Attributes
text             0x0000000000000000 0x0000000000008000 xr
data             0x0000000000800060 0x0000000000000800 rw !x
eeprom           0x0000000000810000 0x0000000000000400 rw !x
fuse             0x0000000000820000 0x0000000000000002 rw !x
lock             0x0000000000830000 0x0000000000000400 rw !x
signature        0x0000000000840000 0x0000000000000400 rw !x
user_signatures  0x0000000000850000 0x0000000000000400 rw !x
*default*        0x0000000000000000 0xffffffffffffffff

Linker script and memory map

LOAD C:/Program Files/Microchip/MPLABX/v5.50/packs/Microchip/ATmega_DFP/2.3.126/xc8/avr/lib/avr5/memx-const/crtatmega32a.o
                0x0000000000000001                __MPLAB_BUILD = 0x1
LOAD build/default/production/main.o
LOAD build/default/production/freertos/croutine.o
LOAD build/default/production/freertos/event_groups.o
LOAD build/default/production/freertos/heap_4.o
LOAD build/default/production/freertos/list.o
LOAD build/default/production/freertos/port.o
LOAD build/default/production/freertos/queue.o
LOAD build/default/production/freertos/stream_buffer.o
LOAD build/default/production/freertos/tasks.o
LOAD build/default/production/freertos/timers.o
LOAD build/default/production/mUART.o
START GROUP
LOAD c:/program files/microchip/xc8/v2.32/avr/bin/../lib/gcc/avr/5.4.0/../../../../avr/lib/avr5/memx-const\libm.a
END GROUP
START GROUP
LOAD c:/program files/microchip/xc8/v2.32/avr/bin/../lib/gcc/avr/5.4.0/avr5/memx-const\libgcc.a
LOAD c:/program files/microchip/xc8/v2.32/avr/bin/../lib/gcc/avr/5.4.0/../../../../avr/lib/avr5/memx-const\libm.a
LOAD c:/program files/microchip/xc8/v2.32/avr/bin/../lib/gcc/avr/5.4.0/../../../../avr/lib/avr5/memx-const\libc.a
LOAD C:/Program Files/Microchip/MPLABX/v5.50/packs/Microchip/ATmega_DFP/2.3.126/xc8/avr/lib/avr5/memx-const\libatmega32a.a
END GROUP
                [0x0000000000000000]                __TEXT_REGION_ORIGIN__ = DEFINED (__TEXT_REGION_ORIGIN__)?__TEXT_REGION_ORIGIN__:0x0
                [0x0000000000800060]                __DATA_REGION_ORIGIN__ = DEFINED (__DATA_REGION_ORIGIN__)?__DATA_REGION_ORIGIN__:0x800060
                [0x0000000000008000]                __TEXT_REGION_LENGTH__ = DEFINED (__TEXT_REGION_LENGTH__)?__TEXT_REGION_LENGTH__:0x20000
                [0x0000000000000800]                __DATA_REGION_LENGTH__ = DEFINED (__DATA_REGION_LENGTH__)?__DATA_REGION_LENGTH__:0xffa0
                [0x0000000000000400]                __EEPROM_REGION_LENGTH__ = DEFINED (__EEPROM_REGION_LENGTH__)?__EEPROM_REGION_LENGTH__:0x10000
                [0x0000000000000002]                __FUSE_REGION_LENGTH__ = DEFINED (__FUSE_REGION_LENGTH__)?__FUSE_REGION_LENGTH__:0x400
                0x0000000000000400                __LOCK_REGION_LENGTH__ = DEFINED (__LOCK_REGION_LENGTH__)?__LOCK_REGION_LENGTH__:0x400
                0x0000000000000400                __SIGNATURE_REGION_LENGTH__ = DEFINED (__SIGNATURE_REGION_LENGTH__)?__SIGNATURE_REGION_LENGTH__:0x400
                0x0000000000000400                __USER_SIGNATURE_REGION_LENGTH__ = DEFINED (__USER_SIGNATURE_REGION_LENGTH__)?__USER_SIGNATURE_REGION_LENGTH__:0x400

.hash
 *(.hash)

.dynsym
 *(.dynsym)

.dynstr
 *(.dynstr)

.gnu.version
 *(.gnu.version)

.gnu.version_d
 *(.gnu.version_d)

.gnu.version_r
 *(.gnu.version_r)

.rel.init
 *(.rel.init)

.rela.init
 *(.rela.init)

.rel.text
 *(.rel.text)
 *(.rel.text.*)
 *(.rel.gnu.linkonce.t*)

.rela.text
 *(.rela.text)
 *(.rela.text.*)
 *(.rela.gnu.linkonce.t*)

.rel.fini
 *(.rel.fini)

.rela.fini
 *(.rela.fini)

.rel.rodata
 *(.rel.rodata)
 *(.rel.rodata.*)
 *(.rel.gnu.linkonce.r*)

.rela.rodata
 *(.rela.rodata)
 *(.rela.rodata.*)
 *(.rela.gnu.linkonce.r*)

.rel.data
 *(.rel.data)
 *(.rel.data.*)
 *(.rel.gnu.linkonce.d*)

.rela.data
 *(.rela.data)
 *(.rela.data.*)
 *(.rela.gnu.linkonce.d*)

.rel.ctors
 *(.rel.ctors)

.rela.ctors
 *(.rela.ctors)

.rel.dtors
 *(.rel.dtors)

.rela.dtors
 *(.rela.dtors)

.rel.got
 *(.rel.got)

.rela.got
 *(.rela.got)

.rel.bss
 *(.rel.bss)

.rela.bss
 *(.rela.bss)

.rel.plt
 *(.rel.plt)

.rela.plt
 *(.rela.plt)

.text           0x0000000000000000       0xae
 *(.vectors)
 .vectors       0x0000000000000000       0x54 C:/Program Files/Microchip/MPLABX/v5.50/packs/Microchip/ATmega_DFP/2.3.126/xc8/avr/lib/avr5/memx-const/crtatmega32a.o
                0x0000000000000000                __vector_default
                0x0000000000000000                __vectors
 *(.vectors)
 *(.progmem.gcc*)
 *(.dinit)
 .dinit         0x0000000000000054        0x5 data_init
                0x000000000000005a                . = ALIGN (0x2)
 *fill*         0x0000000000000059        0x1 
                0x000000000000005a                __trampolines_start = .
 *(.trampolines)
 .trampolines   0x000000000000005a        0x0 linker stubs
 *(.trampolines*)
                0x000000000000005a                __trampolines_end = .
 *libprintf_flt.a:*(.progmem.data)
 *libc.a:*(.progmem.data)
                0x000000000000005a                . = ALIGN (0x2)
 *(.jumptables)
 *(.jumptables*)
 *(.lowtext)
 *(.lowtext*)
                0x000000000000005a                __ctors_start = .
 *(.ctors)
                0x000000000000005a                __ctors_end = .
                0x000000000000005a                __dtors_start = .
 *(.dtors)
                0x000000000000005a                __dtors_end = .
 SORT(*)(.ctors)
 SORT(*)(.dtors)
 *(.init0)
 .init0         0x000000000000005a        0x0 C:/Program Files/Microchip/MPLABX/v5.50/packs/Microchip/ATmega_DFP/2.3.126/xc8/avr/lib/avr5/memx-const/crtatmega32a.o
                0x000000000000005a                __init
 *(.init0)
 *(.init1)
 *(.init1)
 *(.init2)
 .init2         0x000000000000005a        0xc C:/Program Files/Microchip/MPLABX/v5.50/packs/Microchip/ATmega_DFP/2.3.126/xc8/avr/lib/avr5/memx-const/crtatmega32a.o
 *(.init2)
 *(.init3)
 *(.init3)
 *(.init4)
 .init4         0x0000000000000066       0x3c c:/program files/microchip/xc8/v2.32/avr/bin/../lib/gcc/avr/5.4.0/avr5/memx-const\libgcc.a(_copy_data.o)
                0x0000000000000066                __do_copy_data
                0x0000000000000094                __do_clear_bss
 *(.init4)
 *(.init5)
 *(.init5)
 *(.init6)
 *(.init6)
 *(.init7)
 *(.init7)
 *(.init8)
 *(.init8)
 *(.init9)
 .init9         0x00000000000000a2        0x8 C:/Program Files/Microchip/MPLABX/v5.50/packs/Microchip/ATmega_DFP/2.3.126/xc8/avr/lib/avr5/memx-const/crtatmega32a.o
 *(.init9)
                0x00000000000000aa                . = ALIGN (0x2)
 *(.fini9)
 .fini9         0x00000000000000aa        0x0 c:/program files/microchip/xc8/v2.32/avr/bin/../lib/gcc/avr/5.4.0/avr5/memx-const\libgcc.a(_exit.o)
                0x00000000000000aa                _exit
                0x00000000000000aa                exit
 *(.fini9)
 *(.fini8)
 *(.fini8)
 *(.fini7)
 *(.fini7)
 *(.fini6)
 *(.fini6)
 *(.fini5)
 *(.fini5)
 *(.fini4)
 *(.fini4)
 *(.fini3)
 *(.fini3)
 *(.fini2)
 *(.fini2)
 *(.fini1)
 *(.fini1)
 *(.fini0)
 .fini0         0x00000000000000aa        0x4 c:/program files/microchip/xc8/v2.32/avr/bin/../lib/gcc/avr/5.4.0/avr5/memx-const\libgcc.a(_exit.o)
 *(.fini0)
                0x00000000000000ae                _etext = .

.data           0x0000000000800060        0x0 load address 0x00000000000000ae
                [!provide]                        PROVIDE (__data_start, .)
 *(.gnu.linkonce.d*)
 *(.gnu.linkonce.r*)
                0x0000000000800060                . = ALIGN (0x2)
                0x0000000000800060                _edata = .
                [!provide]                        PROVIDE (__data_end, .)

.bss            0x0000000000800060        0x0
                [!provide]                        PROVIDE (__bss_start, .)
 *(COMMON)
                [!provide]                        PROVIDE (__bss_end, .)
                0x00000000000000ae                __data_load_start = LOADADDR (.data)
                0x00000000000000ae                __data_load_end = (__data_load_start + SIZEOF (.data))

.noinit         0x0000000000800060        0x0
                [!provide]                        PROVIDE (__noinit_start, .)
 *(.noinit*)
                [!provide]                        PROVIDE (__noinit_end, .)
                0x0000000000800060                _end = .

.eeprom         0x0000000000810000        0x0
 *(.eeprom*)
                0x0000000000810000                __eeprom_end = .

.fuse
 *(.fuse)
 *(.lfuse)
 *(.hfuse)
 *(.efuse)

.lock
 *(.lock*)

.signature
 *(.signature*)

.user_signatures
 *(.user_signatures*)

.stab
 *(.stab)

.stabstr
 *(.stabstr)

.stab.excl
 *(.stab.excl)

.stab.exclstr
 *(.stab.exclstr)

.stab.index
 *(.stab.index)

.stab.indexstr
 *(.stab.indexstr)

.comment        0x0000000000000000       0x2f
 *(.comment)
 .comment       0x0000000000000000       0x2f build/default/production/main.o
                                         0x30 (size before relaxing)
 .comment       0x000000000000002f       0x30 build/default/production/freertos/heap_4.o
 .comment       0x000000000000002f       0x30 build/default/production/freertos/list.o
 .comment       0x000000000000002f       0x30 build/default/production/freertos/port.o
 .comment       0x000000000000002f       0x30 build/default/production/freertos/tasks.o
 .comment       0x000000000000002f       0x30 build/default/production/mUART.o

.stack.descriptors.hdr
                0x0000000000000000       0xe0
 .stack.descriptors.hdr
                0x0000000000000000        0xe c:/program files/microchip/xc8/v2.32/avr/bin/../lib/gcc/avr/5.4.0/../../../../avr/lib/avr5/memx-const\libm.a(addsf3.o)
 .stack.descriptors.hdr
                0x000000000000000e        0xe c:/program files/microchip/xc8/v2.32/avr/bin/../lib/gcc/avr/5.4.0/../../../../avr/lib/avr5/memx-const\libm.a(addsf3x.o)
 .stack.descriptors.hdr
                0x000000000000001c        0xe c:/program files/microchip/xc8/v2.32/avr/bin/../lib/gcc/avr/5.4.0/../../../../avr/lib/avr5/memx-const\libm.a(divsf3.o)
 .stack.descriptors.hdr
                0x000000000000002a        0xe c:/program files/microchip/xc8/v2.32/avr/bin/../lib/gcc/avr/5.4.0/../../../../avr/lib/avr5/memx-const\libm.a(divsf3x.o)
 .stack.descriptors.hdr
                0x0000000000000038        0xe c:/program files/microchip/xc8/v2.32/avr/bin/../lib/gcc/avr/5.4.0/../../../../avr/lib/avr5/memx-const\libm.a(fixunssfsi.o)
 .stack.descriptors.hdr
                0x0000000000000046        0xe c:/program files/microchip/xc8/v2.32/avr/bin/../lib/gcc/avr/5.4.0/../../../../avr/lib/avr5/memx-const\libm.a(floatsisf.o)
 .stack.descriptors.hdr
                0x0000000000000054        0xe c:/program files/microchip/xc8/v2.32/avr/bin/../lib/gcc/avr/5.4.0/../../../../avr/lib/avr5/memx-const\libm.a(fp_inf.o)
 .stack.descriptors.hdr
                0x0000000000000062        0xe c:/program files/microchip/xc8/v2.32/avr/bin/../lib/gcc/avr/5.4.0/../../../../avr/lib/avr5/memx-const\libm.a(fp_nan.o)
 .stack.descriptors.hdr
                0x0000000000000070        0xe c:/program files/microchip/xc8/v2.32/avr/bin/../lib/gcc/avr/5.4.0/../../../../avr/lib/avr5/memx-const\libm.a(fp_pscA.o)
 .stack.descriptors.hdr
                0x000000000000007e        0xe c:/program files/microchip/xc8/v2.32/avr/bin/../lib/gcc/avr/5.4.0/../../../../avr/lib/avr5/memx-const\libm.a(fp_pscB.o)
 .stack.descriptors.hdr
                0x000000000000008c        0xe c:/program files/microchip/xc8/v2.32/avr/bin/../lib/gcc/avr/5.4.0/../../../../avr/lib/avr5/memx-const\libm.a(fp_round.o)
 .stack.descriptors.hdr
                0x000000000000009a        0xe c:/program files/microchip/xc8/v2.32/avr/bin/../lib/gcc/avr/5.4.0/../../../../avr/lib/avr5/memx-const\libm.a(fp_split3.o)
 .stack.descriptors.hdr
                0x00000000000000a8        0xe c:/program files/microchip/xc8/v2.32/avr/bin/../lib/gcc/avr/5.4.0/../../../../avr/lib/avr5/memx-const\libm.a(fp_zero.o)
 .stack.descriptors.hdr
                0x00000000000000b6        0xe c:/program files/microchip/xc8/v2.32/avr/bin/../lib/gcc/avr/5.4.0/avr5/memx-const\libgcc.a(_exit.o)
 .stack.descriptors.hdr
                0x00000000000000c4        0xe c:/program files/microchip/xc8/v2.32/avr/bin/../lib/gcc/avr/5.4.0/avr5/memx-const\libgcc.a(_movmemx.o)
 .stack.descriptors.hdr
                0x00000000000000d2        0xe c:/program files/microchip/xc8/v2.32/avr/bin/../lib/gcc/avr/5.4.0/../../../../avr/lib/avr5/memx-const\libc.a(memset.o)

.note.gnu.build-id
 *(.note.gnu.build-id)

.debug
 *(.debug)

.line
 *(.line)

.debug_srcinfo
 *(.debug_srcinfo)

.debug_sfnames
 *(.debug_sfnames)

.debug_aranges  0x0000000000000000      0x2b0
 *(.debug_aranges)
 .debug_aranges
                0x0000000000000000       0x30 build/default/production/main.o
 .debug_aranges
                0x0000000000000030       0x58 build/default/production/freertos/heap_4.o
 .debug_aranges
                0x0000000000000088       0x40 build/default/production/freertos/list.o
 .debug_aranges
                0x00000000000000c8       0x48 build/default/production/freertos/port.o
 .debug_aranges
                0x0000000000000110      0x168 build/default/production/freertos/tasks.o
 .debug_aranges
                0x0000000000000278       0x38 build/default/production/mUART.o

.debug_pubnames
 *(.debug_pubnames)

.debug_info     0x0000000000000000     0x4973
 *(.debug_info .gnu.linkonce.wi.*)
 .debug_info    0x0000000000000000      0x4e6 C:/Program Files/Microchip/MPLABX/v5.50/packs/Microchip/ATmega_DFP/2.3.126/xc8/avr/lib/avr5/memx-const/crtatmega32a.o
 .debug_info    0x00000000000004e6      0x4a6 build/default/production/main.o
 .debug_info    0x000000000000098c      0x8ef build/default/production/freertos/heap_4.o
 .debug_info    0x000000000000127b      0x53b build/default/production/freertos/list.o
 .debug_info    0x00000000000017b6      0x4d9 build/default/production/freertos/port.o
 .debug_info    0x0000000000001c8f     0x29e8 build/default/production/freertos/tasks.o
 .debug_info    0x0000000000004677      0x2fc build/default/production/mUART.o

.debug_abbrev   0x0000000000000000      0xe87
 *(.debug_abbrev)
 .debug_abbrev  0x0000000000000000      0x4a3 C:/Program Files/Microchip/MPLABX/v5.50/packs/Microchip/ATmega_DFP/2.3.126/xc8/avr/lib/avr5/memx-const/crtatmega32a.o
 .debug_abbrev  0x00000000000004a3      0x119 build/default/production/main.o
 .debug_abbrev  0x00000000000005bc      0x220 build/default/production/freertos/heap_4.o
 .debug_abbrev  0x00000000000007dc      0x116 build/default/production/freertos/list.o
 .debug_abbrev  0x00000000000008f2      0x14a build/default/production/freertos/port.o
 .debug_abbrev  0x0000000000000a3c      0x387 build/default/production/freertos/tasks.o
 .debug_abbrev  0x0000000000000dc3       0xc4 build/default/production/mUART.o

.debug_line     0x0000000000000000     0x1c49
 *(.debug_line .debug_line.* .debug_line_end)
 .debug_line    0x0000000000000000      0x119 C:/Program Files/Microchip/MPLABX/v5.50/packs/Microchip/ATmega_DFP/2.3.126/xc8/avr/lib/avr5/memx-const/crtatmega32a.o
 .debug_line    0x0000000000000119       0xbe build/default/production/main.o
 .debug_line    0x00000000000001d7      0x3b0 build/default/production/freertos/heap_4.o
 .debug_line    0x0000000000000587      0x1b3 build/default/production/freertos/list.o
 .debug_line    0x000000000000073a      0x26b build/default/production/freertos/port.o
 .debug_line    0x00000000000009a5     0x11ae build/default/production/freertos/tasks.o
 .debug_line    0x0000000000001b53       0xf6 build/default/production/mUART.o

.debug_frame    0x0000000000000000      0x828
 *(.debug_frame)
 .debug_frame   0x0000000000000000       0x54 build/default/production/main.o
 .debug_frame   0x0000000000000054      0x108 build/default/production/freertos/heap_4.o
 .debug_frame   0x000000000000015c       0x88 build/default/production/freertos/list.o
 .debug_frame   0x00000000000001e4       0x74 build/default/production/freertos/port.o
 .debug_frame   0x0000000000000258      0x570 build/default/production/freertos/tasks.o
 .debug_frame   0x00000000000007c8       0x60 build/default/production/mUART.o

.debug_str      0x0000000000000000      0x50f
 *(.debug_str)
 .debug_str     0x0000000000000000      0x196 C:/Program Files/Microchip/MPLABX/v5.50/packs/Microchip/ATmega_DFP/2.3.126/xc8/avr/lib/avr5/memx-const/crtatmega32a.o
 .debug_str     0x0000000000000196       0x43 build/default/production/main.o
 .debug_str     0x00000000000001d9       0x76 build/default/production/freertos/heap_4.o
 .debug_str     0x000000000000024f       0x2b build/default/production/freertos/list.o
 .debug_str     0x000000000000027a       0x26 build/default/production/freertos/port.o
 .debug_str     0x00000000000002a0      0x26f build/default/production/freertos/tasks.o
 .debug_str     0x000000000000050f        0x0 build/default/production/mUART.o

.debug_loc      0x0000000000000000     0x2395
 *(.debug_loc)
 .debug_loc     0x0000000000000000       0x50 build/default/production/main.o
 .debug_loc     0x0000000000000050      0x4f4 build/default/production/freertos/heap_4.o
 .debug_loc     0x0000000000000544       0xb8 build/default/production/freertos/list.o
 .debug_loc     0x00000000000005fc      0x2a0 build/default/production/freertos/port.o
 .debug_loc     0x000000000000089c     0x1a44 build/default/production/freertos/tasks.o
 .debug_loc     0x00000000000022e0       0xb5 build/default/production/mUART.o

.debug_macinfo
 *(.debug_macinfo)

.debug_weaknames
 *(.debug_weaknames)

.debug_funcnames
 *(.debug_funcnames)

.debug_typenames
 *(.debug_typenames)

.debug_varnames
 *(.debug_varnames)

.debug_pubtypes
 *(.debug_pubtypes)

.debug_ranges   0x0000000000000000      0x2b8
 *(.debug_ranges)
 .debug_ranges  0x0000000000000000       0x20 build/default/production/main.o
 .debug_ranges  0x0000000000000020       0x48 build/default/production/freertos/heap_4.o
 .debug_ranges  0x0000000000000068       0x30 build/default/production/freertos/list.o
 .debug_ranges  0x0000000000000098       0x38 build/default/production/freertos/port.o
 .debug_ranges  0x00000000000000d0      0x1c0 build/default/production/freertos/tasks.o
 .debug_ranges  0x0000000000000290       0x28 build/default/production/mUART.o

.debug_macro
 *(.debug_macro)
OUTPUT(dist/default/production/Alex34_RTOS.X.production.elf elf32-avr)
LOAD linker stubs
LOAD data_init

.note.gnu.avr.deviceinfo
                0x0000000000000000       0x3c
 .note.gnu.avr.deviceinfo
                0x0000000000000000       0x3c C:/Program Files/Microchip/MPLABX/v5.50/packs/Microchip/ATmega_DFP/2.3.126/xc8/avr/lib/avr5/memx-const/crtatmega32a.o

.bss.xNumberOfSuccessfulFrees
                0x0000000000800688        0x2
 .bss.xNumberOfSuccessfulFrees
                0x0000000000800688        0x2 build/default/production/freertos/heap_4.o

.bss.xNumberOfSuccessfulAllocations
                0x000000000080068a        0x2
 .bss.xNumberOfSuccessfulAllocations
                0x000000000080068a        0x2 build/default/production/freertos/heap_4.o

.bss.xMinimumEverFreeBytesRemaining
                0x000000000080068c        0x2
 .bss.xMinimumEverFreeBytesRemaining
                0x000000000080068c        0x2 build/default/production/freertos/heap_4.o

.bss.xFreeBytesRemaining
                0x000000000080068e        0x2
 .bss.xFreeBytesRemaining
                0x000000000080068e        0x2 build/default/production/freertos/heap_4.o

.bss.pxEnd      0x0000000000800690        0x2
 .bss.pxEnd     0x0000000000800690        0x2 build/default/production/freertos/heap_4.o

.bss.xStart     0x0000000000800684        0x4
 .bss.xStart    0x0000000000800684        0x4 build/default/production/freertos/heap_4.o

.bss.ucHeap     0x0000000000800060      0x5dc
 .bss.ucHeap    0x0000000000800060      0x5dc build/default/production/freertos/heap_4.o

.bss.uxSchedulerSuspended
                0x00000000008006a0        0x1
 .bss.uxSchedulerSuspended
                0x00000000008006a0        0x1 build/default/production/freertos/tasks.o

.bss.xIdleTaskHandle
                0x0000000000800692        0x2
 .bss.xIdleTaskHandle
                0x0000000000800692        0x2 build/default/production/freertos/tasks.o

.bss.xNextTaskUnblockTime
                0x0000000000800694        0x2
 .bss.xNextTaskUnblockTime
                0x0000000000800694        0x2 build/default/production/freertos/tasks.o

.bss.uxTaskNumber
                0x00000000008006a1        0x1
 .bss.uxTaskNumber
                0x00000000008006a1        0x1 build/default/production/freertos/tasks.o

.bss.xNumOfOverflows
                0x00000000008006a2        0x1
 .bss.xNumOfOverflows
                0x00000000008006a2        0x1 build/default/production/freertos/tasks.o

.bss.xYieldPending
                0x00000000008006a3        0x1
 .bss.xYieldPending
                0x00000000008006a3        0x1 build/default/production/freertos/tasks.o

.bss.xPendedTicks
                0x0000000000800696        0x2
 .bss.xPendedTicks
                0x0000000000800696        0x2 build/default/production/freertos/tasks.o

.bss.xSchedulerRunning
                0x00000000008006a4        0x1
 .bss.xSchedulerRunning
                0x00000000008006a4        0x1 build/default/production/freertos/tasks.o

.bss.uxTopReadyPriority
                0x00000000008006a5        0x1
 .bss.uxTopReadyPriority
                0x00000000008006a5        0x1 build/default/production/freertos/tasks.o

.bss.xTickCount
                0x0000000000800698        0x2
 .bss.xTickCount
                0x0000000000800698        0x2 build/default/production/freertos/tasks.o

.bss.uxCurrentNumberOfTasks
                0x00000000008006a6        0x1
 .bss.uxCurrentNumberOfTasks
                0x00000000008006a6        0x1 build/default/production/freertos/tasks.o

.bss.uxDeletedTasksWaitingCleanUp
                0x00000000008006a7        0x1
 .bss.uxDeletedTasksWaitingCleanUp
                0x00000000008006a7        0x1 build/default/production/freertos/tasks.o

.bss.xTasksWaitingTermination
                0x0000000000800660        0x9
 .bss.xTasksWaitingTermination
                0x0000000000800660        0x9 build/default/production/freertos/tasks.o

.bss.xPendingReadyList
                0x0000000000800669        0x9
 .bss.xPendingReadyList
                0x0000000000800669        0x9 build/default/production/freertos/tasks.o

.bss.pxOverflowDelayedTaskList
                0x000000000080069a        0x2
 .bss.pxOverflowDelayedTaskList
                0x000000000080069a        0x2 build/default/production/freertos/tasks.o

.bss.pxDelayedTaskList
                0x000000000080069c        0x2
 .bss.pxDelayedTaskList
                0x000000000080069c        0x2 build/default/production/freertos/tasks.o

.bss.xDelayedTaskList2
                0x0000000000800672        0x9
 .bss.xDelayedTaskList2
                0x0000000000800672        0x9 build/default/production/freertos/tasks.o

.bss.xDelayedTaskList1
                0x000000000080067b        0x9
 .bss.xDelayedTaskList1
                0x000000000080067b        0x9 build/default/production/freertos/tasks.o

.bss.pxReadyTasksLists
                0x000000000080063c       0x24
 .bss.pxReadyTasksLists
                0x000000000080063c       0x24 build/default/production/freertos/tasks.o

.bss.pxCurrentTCB
                0x000000000080069e        0x2
 .bss.pxCurrentTCB
                0x000000000080069e        0x2 build/default/production/freertos/tasks.o
                0x000000000080069e                pxCurrentTCB

.progmemx.data  0x00000000000000ae       0x30
 .progmemx.data
                0x00000000000000ae       0x30 build/default/production/main.o

.progmemx.data  0x00000000000000de        0x6
 .progmemx.data
                0x00000000000000de        0x6 build/default/production/freertos/tasks.o
                0x00000000000000e3                uxTopUsedPriority

.text.xTaskCreate
                0x00000000000000e4      0x29a
 .text.xTaskCreate
                0x00000000000000e4      0x29a build/default/production/freertos/tasks.o
                0x00000000000000e4                xTaskCreate

.text.xTaskIncrementTick
                0x000000000000037e      0x23e
 .text.xTaskIncrementTick
                0x000000000000037e      0x23e build/default/production/freertos/tasks.o
                0x000000000000037e                xTaskIncrementTick

.text.xTaskResumeAll
                0x00000000000005bc      0x1bc
 .text.xTaskResumeAll
                0x00000000000005bc      0x1bc build/default/production/freertos/tasks.o
                0x00000000000005bc                xTaskResumeAll

.text.pvPortMalloc
                0x0000000000000778      0x166
 .text.pvPortMalloc
                0x0000000000000778      0x166 build/default/production/freertos/heap_4.o
                0x0000000000000778                pvPortMalloc

.text.avrlibc.fplib
                0x00000000000008de       0xde
 .text.avrlibc.fplib
                0x00000000000008de       0xde c:/program files/microchip/xc8/v2.32/avr/bin/../lib/gcc/avr/5.4.0/../../../../avr/lib/avr5/memx-const\libm.a(divsf3x.o)
                0x00000000000008de                __divsf3x
                0x0000000000000906                __divsf3_pse

.text.pxPortInitialiseStack
                0x00000000000009bc       0xd8
 .text.pxPortInitialiseStack
                0x00000000000009bc       0xd8 build/default/production/freertos/port.o
                0x00000000000009bc                pxPortInitialiseStack

.text.avrlibc.fplib
                0x0000000000000a94       0xce
 .text.avrlibc.fplib
                0x0000000000000a94       0xce c:/program files/microchip/xc8/v2.32/avr/bin/../lib/gcc/avr/5.4.0/../../../../avr/lib/avr5/memx-const\libm.a(addsf3x.o)
                0x0000000000000a94                __addsf3x

.text.vTaskSwitchContext
                0x0000000000000b62       0xcc
 .text.vTaskSwitchContext
                0x0000000000000b62       0xcc build/default/production/freertos/tasks.o
                0x0000000000000b62                vTaskSwitchContext

.text.vPortYieldFromTick
                0x0000000000000c2e       0xb8
 .text.vPortYieldFromTick
                0x0000000000000c2e       0xb8 build/default/production/freertos/port.o
                0x0000000000000c2e                vPortYieldFromTick

.text.vPortYield
                0x0000000000000ce6       0xb2
 .text.vPortYield
                0x0000000000000ce6       0xb2 build/default/production/freertos/port.o
                0x0000000000000ce6                vPortYield

.text.prvInsertBlockIntoFreeList
                0x0000000000000d98       0x9a
 .text.prvInsertBlockIntoFreeList
                0x0000000000000d98       0x9a build/default/production/freertos/heap_4.o

.text.prvAddCurrentTaskToDelayedList
                0x0000000000000e32       0x88
 .text.prvAddCurrentTaskToDelayedList
                0x0000000000000e32       0x88 build/default/production/freertos/tasks.o

.text.main      0x0000000000000eba       0x80
 .text.main     0x0000000000000eba       0x80 build/default/production/main.o
                0x0000000000000eba                main

.text.avrlibc.fplib
                0x0000000000000f3a       0x7a
 .text.avrlibc.fplib
                0x0000000000000f3a       0x7a c:/program files/microchip/xc8/v2.32/avr/bin/../lib/gcc/avr/5.4.0/../../../../avr/lib/avr5/memx-const\libm.a(floatsisf.o)
                0x0000000000000f3a                __floatunsisf
                0x0000000000000f3e                __floatsisf

.text.xPortStartScheduler
                0x0000000000000fb4       0x6a
 .text.xPortStartScheduler
                0x0000000000000fb4       0x6a build/default/production/freertos/port.o
                0x0000000000000fb4                xPortStartScheduler

.text.vPortFree
                0x000000000000101e       0x62
 .text.vPortFree
                0x000000000000101e       0x62 build/default/production/freertos/heap_4.o
                0x000000000000101e                vPortFree

.text.vListInsert
                0x0000000000001080       0x62
 .text.vListInsert
                0x0000000000001080       0x62 build/default/production/freertos/list.o
                0x0000000000001080                vListInsert

.text.vTaskStartScheduler
                0x00000000000010e2       0x5e
 .text.vTaskStartScheduler
                0x00000000000010e2       0x5e build/default/production/freertos/tasks.o
                0x00000000000010e2                vTaskStartScheduler

.text.avrlibc.fplib
                0x0000000000001140       0x5e
 .text.avrlibc.fplib
                0x0000000000001140       0x5e c:/program files/microchip/xc8/v2.32/avr/bin/../lib/gcc/avr/5.4.0/../../../../avr/lib/avr5/memx-const\libm.a(fixunssfsi.o)
                0x0000000000001140                __fixunssfsi

.text.prvIdleTask
                0x000000000000119e       0x58
 .text.prvIdleTask
                0x000000000000119e       0x58 build/default/production/freertos/tasks.o

.text.uxListRemove
                0x00000000000011f6       0x4e
 .text.uxListRemove
                0x00000000000011f6       0x4e build/default/production/freertos/list.o
                0x00000000000011f6                uxListRemove

.text.avrlibc.fplib
                0x0000000000001244       0x44
 .text.avrlibc.fplib
                0x0000000000001244       0x44 c:/program files/microchip/xc8/v2.32/avr/bin/../lib/gcc/avr/5.4.0/../../../../avr/lib/avr5/memx-const\libm.a(fp_split3.o)
                0x0000000000001244                __fp_split3
                0x0000000000001254                __fp_splitA

.text.prvResetNextTaskUnblockTime
                0x0000000000001288       0x38
 .text.prvResetNextTaskUnblockTime
                0x0000000000001288       0x38 build/default/production/freertos/tasks.o

.text.init_UART
                0x00000000000012c0       0x38
 .text.init_UART
                0x00000000000012c0       0x38 build/default/production/mUART.o
                0x00000000000012c0                init_UART

.text.vTaskDelay
                0x00000000000012f8       0x28
 .text.vTaskDelay
                0x00000000000012f8       0x28 build/default/production/freertos/tasks.o
                0x00000000000012f8                vTaskDelay

.text.avrlibc.fplib
                0x0000000000001320       0x22
 .text.avrlibc.fplib
                0x0000000000001320       0x22 c:/program files/microchip/xc8/v2.32/avr/bin/../lib/gcc/avr/5.4.0/../../../../avr/lib/avr5/memx-const\libm.a(fp_round.o)
                0x0000000000001320                __fp_round

.text.UART_send_str
                0x0000000000001342       0x1e
 .text.UART_send_str
                0x0000000000001342       0x1e build/default/production/mUART.o
                0x0000000000001342                UART_send_str

.text.vListInitialise
                0x0000000000001360       0x1c
 .text.vListInitialise
                0x0000000000001360       0x1c build/default/production/freertos/list.o
                0x0000000000001360                vListInitialise

.text.libgcc    0x000000000000137c       0x1a
 .text.libgcc   0x000000000000137c       0x1a c:/program files/microchip/xc8/v2.32/avr/bin/../lib/gcc/avr/5.4.0/avr5/memx-const\libgcc.a(_movmemx.o)
                0x000000000000137c                __movmemx_qi
                0x000000000000137e                __movmemx_hi

.text.tF_1      0x0000000000001396       0x12
 .text.tF_1     0x0000000000001396       0x12 build/default/production/main.o
                0x0000000000001396                tF_1

.text.tF_2      0x00000000000013a8       0x12
 .text.tF_2     0x00000000000013a8       0x12 build/default/production/main.o
                0x00000000000013a8                tF_2

.text.avrlibc.fplib
                0x00000000000013ba        0xe
 .text.avrlibc.fplib
                0x00000000000013ba        0xe c:/program files/microchip/xc8/v2.32/avr/bin/../lib/gcc/avr/5.4.0/../../../../avr/lib/avr5/memx-const\libm.a(addsf3.o)
                0x00000000000013ba                __subsf3
                0x00000000000013bc                __addsf3

.text.avrlibc.fplib
                0x00000000000013c8        0xe
 .text.avrlibc.fplib
                0x00000000000013c8        0xe c:/program files/microchip/xc8/v2.32/avr/bin/../lib/gcc/avr/5.4.0/../../../../avr/lib/avr5/memx-const\libm.a(fp_pscA.o)
                0x00000000000013c8                __fp_pscA

.text.avrlibc.fplib
                0x00000000000013d6        0xe
 .text.avrlibc.fplib
                0x00000000000013d6        0xe c:/program files/microchip/xc8/v2.32/avr/bin/../lib/gcc/avr/5.4.0/../../../../avr/lib/avr5/memx-const\libm.a(fp_pscB.o)
                0x00000000000013d6                __fp_pscB

.text.avrlibc.fplib
                0x00000000000013e4        0xe
 .text.avrlibc.fplib
                0x00000000000013e4        0xe c:/program files/microchip/xc8/v2.32/avr/bin/../lib/gcc/avr/5.4.0/../../../../avr/lib/avr5/memx-const\libm.a(fp_zero.o)
                0x00000000000013e4                __fp_zero
                0x00000000000013e6                __fp_szero

.text.avrlibc   0x00000000000013f2        0xe
 .text.avrlibc  0x00000000000013f2        0xe c:/program files/microchip/xc8/v2.32/avr/bin/../lib/gcc/avr/5.4.0/../../../../avr/lib/avr5/memx-const\libc.a(memset.o)
                0x00000000000013f2                memset

.text.vTaskSuspendAll
                0x0000000000001400        0xc
 .text.vTaskSuspendAll
                0x0000000000001400        0xc build/default/production/freertos/tasks.o
                0x0000000000001400                vTaskSuspendAll

.text.avrlibc.fplib
                0x000000000000140c        0xc
 .text.avrlibc.fplib
                0x000000000000140c        0xc c:/program files/microchip/xc8/v2.32/avr/bin/../lib/gcc/avr/5.4.0/../../../../avr/lib/avr5/memx-const\libm.a(fp_inf.o)
                0x000000000000140c                __fp_inf

.text.vListInitialiseItem
                0x0000000000001418        0x8
 .text.vListInitialiseItem
                0x0000000000001418        0x8 build/default/production/freertos/list.o
                0x0000000000001418                vListInitialiseItem

.text.UART_send
                0x0000000000001420        0x8
 .text.UART_send
                0x0000000000001420        0x8 build/default/production/mUART.o
                0x0000000000001420                UART_send

.text.avrlibc.fplib
                0x0000000000001428        0x8
 .text.avrlibc.fplib
                0x0000000000001428        0x8 c:/program files/microchip/xc8/v2.32/avr/bin/../lib/gcc/avr/5.4.0/../../../../avr/lib/avr5/memx-const\libm.a(divsf3.o)
                0x0000000000001428                __divsf3

.text.__vector_7
                0x0000000000001430        0x6
 .text.__vector_7
                0x0000000000001430        0x6 build/default/production/freertos/port.o
                0x0000000000001430                __vector_7

.text.avrlibc.fplib
                0x0000000000001436        0x6
 .text.avrlibc.fplib
                0x0000000000001436        0x6 c:/program files/microchip/xc8/v2.32/avr/bin/../lib/gcc/avr/5.4.0/../../../../avr/lib/avr5/memx-const\libm.a(fp_nan.o)
                0x0000000000001436                __fp_nan

.text           0x000000000000143c        0x4
 .text          0x000000000000143c        0x4 C:/Program Files/Microchip/MPLABX/v5.50/packs/Microchip/ATmega_DFP/2.3.126/xc8/avr/lib/avr5/memx-const/crtatmega32a.o
                0x000000000000143c                __vector_1
                0x000000000000143c                __vector_12
                0x000000000000143c                __bad_interrupt
                0x000000000000143c                __vector_6
                0x000000000000143c                __vector_3
                0x000000000000143c                __vector_11
                0x000000000000143c                __vector_13
                0x000000000000143c                __vector_17
                0x000000000000143c                __vector_19
                0x000000000000143c                __vector_5
                0x000000000000143c                __vector_4
                0x000000000000143c                __vector_9
                0x000000000000143c                __vector_2
                0x000000000000143c                __vector_15
                0x000000000000143c                __vector_8
                0x000000000000143c                __vector_14
                0x000000000000143c                __vector_10
                0x000000000000143c                __vector_16
                0x000000000000143c                __vector_18
                0x000000000000143c                __vector_20
